[nocarbschallenge.com/index.html]
[nocarbschallenge.com/1/quiz2/male.html]
[nocarbschallenge.com/1/summary/dc0450de29580e11320319a4b26a9a3c.html]
[nocarbschallenge.com/1/checkout/dc0450de29580e11320319a4b26a9a3c.html]
[nocarbschallenge.com/1/quiz2/female.html]
[nocarbschallenge.com/1/summary/ef17275060711a3ff2b9fcd1bfe4ee4d.html]
[backblue.gif]
[fade.gif]
[index.html]
[nocarbschallenge.com/1/checkout/ef17275060711a3ff2b9fcd1bfe4ee4d.html]
[nocarbschallenge.com/assets/images/share/facebook-shareb481.png]
[nocarbschallenge.com/favicon/faviconb481.ico]
[ca.nocarbschallenge.com/index.html]
[au.nocarbschallenge.com/index.html]
[nz.nocarbschallenge.com/index.html]
[de.nocarbschallenge.com/index.html]
[fr.nocarbschallenge.com/index.html]
[es.nocarbschallenge.com/index.html]
[mx.nocarbschallenge.com/index.html]
[it.nocarbschallenge.com/index.html]
[ru.nocarbschallenge.com/index.html]
[no.nocarbschallenge.com/index.html]
[cdn.jsdelivr.net/npm/js-cookie@2/src/js.cookie.min.js]
[pl.nocarbschallenge.com/index.html]
[dev.visualwebsiteoptimizer.com/lib/370896.js]
[nocarbschallenge.com/nocarbschallenge.e.delayed]
[static.klaviyo.com/onsite/js/YiGnpW/klaviyo.js]
[nocarbschallenge.com/images/logo-green.svg]
[nocarbschallenge.com/images/rebrand/funnels/pages/home/avocados-bg-mobile.webp]
[nocarbschallenge.com/images/rebrand/funnels/pages/home/avocados-bg-desktop.webp]
[nocarbschallenge.com/contacts.html]
[nocarbschallenge.com/data-protection-policy.html]
[nocarbschallenge.com/general-conditions.html]
[nocarbschallenge.com/images/rebrand/icons/app-stores/apple.png]
[nocarbschallenge.com/images/rebrand/icons/app-stores/google.png]
[nocarbschallenge.com/js/appdbde.js]
[nocarbschallenge.com/js/kilo-trackingf189.js]
[nocarbschallenge.com/index.html]
[cdn.jsdelivr.net/npm/flatpickr/dist/flatpickr.min.css]
[nocarbschallenge.com/1/quiz2/nocarbschallenge.html]
[nocarbschallenge.com/images/rebrand/funnels/pages/quiz/rounded-chevron-grey.svg]
[nocarbschallenge.com/images/rebrand/funnels-testing/pages/home/age-female-1.webp]
[nocarbschallenge.com/images/rebrand/funnels-testing/pages/home/age-female-2.webp]
[nocarbschallenge.com/images/rebrand/funnels-testing/pages/home/age-female-3.webp]
[nocarbschallenge.com/images/rebrand/funnels-testing/pages/home/age-female-4.webp]
[nocarbschallenge.com/images/rebrand/funnels-testing/pages/home/age-male-1.webp]
[nocarbschallenge.com/images/rebrand/funnels-testing/pages/home/age-male-2.webp]
[nocarbschallenge.com/images/rebrand/funnels-testing/pages/home/age-male-3.webp]
[nocarbschallenge.com/images/rebrand/funnels-testing/pages/home/age-male-4.webp]
[nocarbschallenge.com/images/rebrand/funnels-testing/pages/quiz/female-regular-sized.webp]
[nocarbschallenge.com/images/rebrand/funnels-testing/pages/quiz/female-plump-sized.webp]
[nocarbschallenge.com/images/rebrand/funnels-testing/pages/quiz/female-extra-sized.webp]
[nocarbschallenge.com/images/rebrand/funnels-testing/pages/quiz/male-skinny-sized.webp]
[nocarbschallenge.com/images/rebrand/funnels-testing/pages/quiz/male-regular-sized.webp]
[nocarbschallenge.com/images/rebrand/funnels-testing/pages/quiz/male-extra-sized.webp]
[nocarbschallenge.com/images/rebrand/funnels-testing/pages/quiz/female-fit.webp]
[nocarbschallenge.com/images/rebrand/funnels-testing/pages/quiz/female-muscular.webp]
[nocarbschallenge.com/images/rebrand/funnels-testing/pages/quiz/female-shapely.webp]
[nocarbschallenge.com/images/rebrand/funnels-testing/pages/quiz/male-cut.webp]
[nocarbschallenge.com/images/rebrand/funnels-testing/pages/quiz/male-bulk.webp]
[nocarbschallenge.com/images/rebrand/funnels-testing/pages/quiz/male-extra-bulk.webp]
[nocarbschallenge.com/images/rebrand/funnels/pages/quiz/problem-areas/female-green-abs.png]
[nocarbschallenge.com/images/rebrand/funnels/pages/quiz/problem-areas/female-green-arms.png]
[nocarbschallenge.com/images/rebrand/funnels/pages/quiz/problem-areas/female-green-buttocks.png]
[nocarbschallenge.com/images/rebrand/funnels/pages/quiz/problem-areas/female-green-chest.png]
[nocarbschallenge.com/images/rebrand/funnels/pages/quiz/problem-areas/female-green-thighs.png]
[nocarbschallenge.com/images/rebrand/funnels/pages/quiz/problem-areas/male-green-abs.png]
[nocarbschallenge.com/images/rebrand/funnels/pages/quiz/problem-areas/male-green-arms.png]
[nocarbschallenge.com/images/rebrand/funnels/pages/quiz/problem-areas/male-green-buttocks.png]
[nocarbschallenge.com/images/rebrand/funnels/pages/quiz/problem-areas/male-green-chest.png]
[nocarbschallenge.com/images/rebrand/funnels/pages/quiz/problem-areas/male-green-thighs.png]
[nocarbschallenge.com/images/rebrand/funnels/pages/quiz/people-all-over-the-world-grey.webp]
[nocarbschallenge.com/images/rebrand/icons/spinner.svg]
[nocarbschallenge.com/images/rebrand/funnels/pages/quiz/age-disclaimer/info_female_20.webp]
[nocarbschallenge.com/images/rebrand/funnels/pages/quiz/meats/poultry.png]
[nocarbschallenge.com/images/rebrand/funnels/pages/quiz/meats/pork.png]
[nocarbschallenge.com/images/rebrand/funnels/pages/quiz/meats/beef.png]
[nocarbschallenge.com/images/rebrand/funnels/pages/quiz/meats/fish.png]
[nocarbschallenge.com/images/rebrand/funnels/pages/quiz/meats/lamb.png]
[nocarbschallenge.com/images/rebrand/funnels/pages/quiz/meats/veal.png]
[nocarbschallenge.com/images/rebrand/funnels/pages/quiz/products/onions.png]
[nocarbschallenge.com/images/rebrand/funnels/pages/quiz/products/mushrooms.png]
[nocarbschallenge.com/images/rebrand/funnels/pages/quiz/products/eggs.png]
[nocarbschallenge.com/images/rebrand/funnels/pages/quiz/products/nuts.png]
[nocarbschallenge.com/images/rebrand/funnels/pages/quiz/products/cheese.png]
[nocarbschallenge.com/images/rebrand/funnels/pages/quiz/products/milk.png]
[nocarbschallenge.com/images/rebrand/funnels/pages/quiz/products/avocados.png]
[nocarbschallenge.com/images/rebrand/funnels/pages/quiz/products/seafood.png]
[nocarbschallenge.com/images/rebrand/funnels/pages/quiz/products/olives.png]
[nocarbschallenge.com/images/rebrand/funnels/pages/quiz/products/capers.png]
[nocarbschallenge.com/images/rebrand/funnels/pages/quiz/products/coconuts.png]
[nocarbschallenge.com/images/rebrand/funnels/pages/quiz/products/goat-cheese.png]
[nocarbschallenge.com/images/rebrand/funnels-testing/pages/quiz/airplane.png]
[nocarbschallenge.com/images/rebrand/funnels-testing/pages/quiz/glasses.png]
[nocarbschallenge.com/images/rebrand/funnels-testing/pages/quiz/chalice.png]
[nocarbschallenge.com/images/rebrand/funnels-testing/pages/quiz/palm-tree.png]
[nocarbschallenge.com/images/rebrand/funnels-testing/pages/quiz/petard.png]
[nocarbschallenge.com/images/rebrand/funnels-testing/pages/quiz/cake.png]
[nocarbschallenge.com/images/rebrand/funnels-testing/pages/quiz/celebration.png]
[nocarbschallenge.com/images/rebrand/funnels-testing/pages/quiz/red-cross.png]
[nocarbschallenge.com/images/rebrand/icons/lock-grey-24x24.svg]
[nocarbschallenge.com/images/rebrand/funnels-testing/pages/quiz/forecast-graph-desktop.png]
[nocarbschallenge.com/images/rebrand/funnels-testing/pages/quiz/forecast-graph-mobile.png]
[nocarbschallenge.com/images/rebrand/funnels-testing/pages/quiz/wellness-summary/scale-overweight.png]
[nocarbschallenge.com/images/rebrand/funnels-testing/pages/quiz/wellness-summary/lifestyle-icon.png]
[nocarbschallenge.com/images/rebrand/funnels-testing/pages/quiz/wellness-summary/exercise-icon.png]
[nocarbschallenge.com/images/rebrand/funnels-testing/pages/quiz/wellness-summary/frequency-icon.png]
[nocarbschallenge.com/images/rebrand/funnels-testing/pages/quiz/wellness-summary/body-fat-female-overweight.webp]
[nocarbschallenge.com/cdn-cgi/l/email-protection.html]
[nocarbschallenge.com/cdn-cgi/scripts/5c5dd728/cloudflare-static/email-decode.min.js]
[nocarbschallenge.com/js/quiz885c.js]
[nocarbschallenge.com/1/quiz2/male.html]
[nocarbschallenge.com/js/helpers8d83.js]
[nocarbschallenge.com/1/summary/dc0450de29580e11320319a4b26a9a3c.html]
[nocarbschallenge.com/1.html]
[nocarbschallenge.com/js/checkout62a6.js]
[nocarbschallenge.com/images/rebrand/funnels-testing/pages/checkout/body-fat-male-3.webp]
[nocarbschallenge.com/images/rebrand/funnels-testing/pages/checkout/triple-arrow-change-green.svg]
[nocarbschallenge.com/images/rebrand/funnels-testing/pages/checkout/body-fat-male-1.webp]
[nocarbschallenge.com/images/rebrand/icons/green-bright-rounded-check-24x24.svg]
[nocarbschallenge.com/images/rebrand/funnels-testing/pages/checkout/single-screen-green-mobile.png]
[nocarbschallenge.com/images/rebrand/funnels-testing/pages/checkout/single-screen-green-desktop.webp]
[nocarbschallenge.com/images/rebrand/funnels-testing/pages/checkout/sparkles-left.svg]
[nocarbschallenge.com/images/rebrand/funnels-testing/pages/checkout/app-store.png]
[nocarbschallenge.com/images/rebrand/funnels-testing/pages/checkout/star-rating-four-of-five.svg]
[nocarbschallenge.com/images/rebrand/funnels-testing/pages/checkout/play-store.png]
[nocarbschallenge.com/images/rebrand/funnels-testing/pages/checkout/tree-branch-left-green.svg]
[nocarbschallenge.com/images/rebrand/funnels-testing/pages/checkout/tree-branch-right-green.svg]
[nocarbschallenge.com/images/rebrand/funnels-testing/pages/checkout/sparkles-right.svg]
[nocarbschallenge.com/images/rebrand/funnels-testing/pages/checkout/mike-before.webp]
[nocarbschallenge.com/images/rebrand/funnels-testing/pages/checkout/mike-after.webp]
[nocarbschallenge.com/images/rebrand/funnels/pages/checkout/verified-dark.svg]
[nocarbschallenge.com/images/rebrand/funnels-testing/pages/checkout/sandra-before.webp]
[nocarbschallenge.com/images/rebrand/funnels-testing/pages/checkout/sandra-after.webp]
[nocarbschallenge.com/images/rebrand/funnels-testing/pages/checkout/koreena-before.webp]
[nocarbschallenge.com/images/rebrand/funnels-testing/pages/checkout/koreena-after.webp]
[nocarbschallenge.com/images/rebrand/funnels-testing/pages/checkout/floating-pepper.webp]
[nocarbschallenge.com/images/rebrand/funnels-testing/pages/checkout/floating-avocado.webp]
[nocarbschallenge.com/images/rebrand/funnels-testing/pages/checkout/guarantee-badge-green.png]
[nocarbschallenge.com/images/rebrand/funnels-testing/pages/checkout/credit-cards.png]
[nocarbschallenge.com/images/rebrand/funnels-testing/pages/checkout/paypal.png]
[nocarbschallenge.com/images/rebrand/funnels-testing/pages/checkout/payment-methods-modal.png]
[nocarbschallenge.com/js/swiper-bundle108c.js]
[nocarbschallenge.com/1/checkout/dc0450de29580e11320319a4b26a9a3c.html]
[nocarbschallenge.com/1/quiz2/female.html]
[nocarbschallenge.com/1/summary/ef17275060711a3ff2b9fcd1bfe4ee4d.html]
[nocarbschallenge.com/images/rebrand/funnels-testing/pages/checkout/body-fat-female-2.webp]
[nocarbschallenge.com/images/rebrand/funnels-testing/pages/checkout/body-fat-female-1.webp]
[nocarbschallenge.com/1/checkout/ef17275060711a3ff2b9fcd1bfe4ee4d.html]
[ca.nocarbschallenge.com/nocarbschallenge.com]
[ca.nocarbschallenge.com/1/quiz2/female.html]
[ca.nocarbschallenge.com/1/quiz2/male.html]
[ca.nocarbschallenge.com/contacts.html]
[ca.nocarbschallenge.com/data-protection-policy.html]
[ca.nocarbschallenge.com/index.html]
[ca-fr.nocarbschallenge.com/index.html]
[ca.nocarbschallenge.com/general-conditions.html]
[au.nocarbschallenge.com/nocarbschallenge.com]
[au.nocarbschallenge.com/1/quiz2/female.html]
[au.nocarbschallenge.com/1/quiz2/male.html]
[au.nocarbschallenge.com/contacts.html]
[au.nocarbschallenge.com/data-protection-policy.html]
[au.nocarbschallenge.com/index.html]
[au.nocarbschallenge.com/general-conditions.html]
[nz.nocarbschallenge.com/nocarbschallenge.com]
[nz.nocarbschallenge.com/1/quiz2/female.html]
[nz.nocarbschallenge.com/contacts.html]
[nz.nocarbschallenge.com/1/quiz2/male.html]
[nz.nocarbschallenge.com/data-protection-policy.html]
[nz.nocarbschallenge.com/index.html]
[nz.nocarbschallenge.com/general-conditions.html]
[fr.nocarbschallenge.com/nocarbschallenge.com]
[fr.nocarbschallenge.com/1/quiz2/female.html]
[fr.nocarbschallenge.com/contacts.html]
[fr.nocarbschallenge.com/1/quiz2/male.html]
[fr.nocarbschallenge.com/data-protection-policy.html]
[fr.nocarbschallenge.com/index.html]
[fr.nocarbschallenge.com/general-conditions.html]
[de.nocarbschallenge.com/nocarbschallenge.com]
[de.nocarbschallenge.com/1/quiz2/female.html]
[de.nocarbschallenge.com/contacts.html]
[de.nocarbschallenge.com/1/quiz2/male.html]
[de.nocarbschallenge.com/data-protection-policy.html]
[de.nocarbschallenge.com/index.html]
[de.nocarbschallenge.com/general-conditions.html]
[es.nocarbschallenge.com/nocarbschallenge.com]
[es.nocarbschallenge.com/1/quiz2/female.html]
[es.nocarbschallenge.com/contacts.html]
[es.nocarbschallenge.com/1/quiz2/male.html]
[es.nocarbschallenge.com/data-protection-policy.html]
[es.nocarbschallenge.com/index.html]
[es.nocarbschallenge.com/general-conditions.html]
[mx.nocarbschallenge.com/nocarbschallenge.com]
[mx.nocarbschallenge.com/1/quiz2/female.html]
[mx.nocarbschallenge.com/contacts.html]
[mx.nocarbschallenge.com/1/quiz2/male.html]
[mx.nocarbschallenge.com/data-protection-policy.html]
[mx.nocarbschallenge.com/index.html]
[mx.nocarbschallenge.com/general-conditions.html]
[ru.nocarbschallenge.com/nocarbschallenge.com]
[ru.nocarbschallenge.com/1/quiz2/female.html]
[ru.nocarbschallenge.com/contacts.html]
[ru.nocarbschallenge.com/1/quiz2/male.html]
[ru.nocarbschallenge.com/data-protection-policy.html]
[ru.nocarbschallenge.com/index.html]
[ru.nocarbschallenge.com/general-conditions.html]
[no.nocarbschallenge.com/nocarbschallenge.com]
[no.nocarbschallenge.com/1/quiz2/female.html]
[no.nocarbschallenge.com/contacts.html]
[no.nocarbschallenge.com/1/quiz2/male.html]
[no.nocarbschallenge.com/data-protection-policy.html]
[no.nocarbschallenge.com/index.html]
[no.nocarbschallenge.com/general-conditions.html]
[it.nocarbschallenge.com/nocarbschallenge.com]
[it.nocarbschallenge.com/1/quiz2/female.html]
[it.nocarbschallenge.com/contacts.html]
[it.nocarbschallenge.com/1/quiz2/male.html]
[it.nocarbschallenge.com/data-protection-policy.html]
[it.nocarbschallenge.com/index.html]
[it.nocarbschallenge.com/general-conditions.html]
[pl.nocarbschallenge.com/nocarbschallenge.com]
[pl.nocarbschallenge.com/1/quiz2/female.html]
[pl.nocarbschallenge.com/1/quiz2/male.html]
[pl.nocarbschallenge.com/contacts.html]
[pl.nocarbschallenge.com/data-protection-policy.html]
[pl.nocarbschallenge.com/index.html]
[fonts.gstatic.com/index.html]
[fonts.googleapis.com/css2439b.css]
[nocarbschallenge.com/order/track.html]
[nocarbschallenge.com/nocarbschallenge.html]
[pl.nocarbschallenge.com/general-conditions.html]
[nocarbschallenge.com/favicon/favicon-192.d5.delayed]
[nocarbschallenge.com/favicon/favicon-160.png]
[nocarbschallenge.com/favicon/favicon-96.d7.delayed]
[nocarbschallenge.com/favicon/favicon-64.d8.delayed]
[nocarbschallenge.com/favicon/favicon-32.png]
[nocarbschallenge.com/favicon/favicon-16.da.delayed]
[nocarbschallenge.com/favicon/favicon-57.png]
[nocarbschallenge.com/favicon/favicon-114.png]
[nocarbschallenge.com/favicon/favicon-72.png]
[nocarbschallenge.com/favicon/favicon-144.png]
[nocarbschallenge.com/favicon/favicon-60.png]
[nocarbschallenge.com/favicon/favicon-120.png]
[nocarbschallenge.com/favicon/favicon-76.png]
[nocarbschallenge.com/favicon/favicon-152.png]
[nocarbschallenge.com/favicon/favicon-180.png]
[ca-fr.nocarbschallenge.com/contacts.html]
[nocarbschallenge.com/images/icons/back.svg]
[nocarbschallenge.com/contacts.html]
[nocarbschallenge.com/data-protection-policy.html]
[ca-fr.nocarbschallenge.com/data-protection-policy.html]
[nocarbschallenge.com/general-conditions.html]
[nocarbschallenge.com/1/quiz2/nocarbschallenge.html]
[nocarbschallenge.com/cdn-cgi/l/email-protection.html]
[nocarbschallenge.com/1.html]
[ca.nocarbschallenge.com/order/track.html]
[ca.nocarbschallenge.com/nocarbschallenge.html]
[nocarbschallenge.com/cdn-cgi/styles/cf.errors.css]
[ca-fr.nocarbschallenge.com/general-conditions.html]
[ca.nocarbschallenge.com/1/quiz2/nocarbschallenge.html]
[ca.nocarbschallenge.com/images/rebrand/funnels/pages/quiz/problem-areas/female-green-abs.png]
[ca.nocarbschallenge.com/images/rebrand/funnels/pages/quiz/problem-areas/female-green-arms.png]
[ca.nocarbschallenge.com/images/rebrand/funnels/pages/quiz/problem-areas/female-green-buttocks.png]
[ca.nocarbschallenge.com/images/rebrand/funnels/pages/quiz/problem-areas/female-green-chest.png]
[ca.nocarbschallenge.com/images/rebrand/funnels/pages/quiz/problem-areas/female-green-thighs.png]
[ca.nocarbschallenge.com/images/rebrand/funnels/pages/quiz/problem-areas/male-green-abs.png]
[ca.nocarbschallenge.com/images/rebrand/funnels/pages/quiz/problem-areas/male-green-arms.png]
[ca.nocarbschallenge.com/images/rebrand/funnels/pages/quiz/problem-areas/male-green-buttocks.png]
[ca.nocarbschallenge.com/images/rebrand/funnels/pages/quiz/problem-areas/male-green-chest.png]
[ca.nocarbschallenge.com/images/rebrand/funnels/pages/quiz/problem-areas/male-green-thighs.png]
[ca.nocarbschallenge.com/cdn-cgi/l/email-protection.html]
[ca.nocarbschallenge.com/cdn-cgi/scripts/5c5dd728/cloudflare-static/email-decode.min.js]
[ca.nocarbschallenge.com/js/quiz885c.js]
[ca.nocarbschallenge.com/js/helpers8d83.js]
[ca.nocarbschallenge.com/1/quiz2/female.html]
[ca.nocarbschallenge.com/1/quiz2/male.html]
[ca.nocarbschallenge.com/“https_/www.googletagmanager.com/ns96b6.html]
[ca.nocarbschallenge.com/contacts.html]
[ca.nocarbschallenge.com/data-protection-policy.html]
[ca.nocarbschallenge.com/general-conditions.html]
[au.nocarbschallenge.com/order/track.html]
[au.nocarbschallenge.com/nocarbschallenge.html]
[au.nocarbschallenge.com/1/quiz2/nocarbschallenge.html]
[au.nocarbschallenge.com/images/rebrand/funnels/pages/quiz/problem-areas/female-green-abs.png]
[au.nocarbschallenge.com/images/rebrand/funnels/pages/quiz/problem-areas/female-green-arms.png]
[au.nocarbschallenge.com/images/rebrand/funnels/pages/quiz/problem-areas/female-green-buttocks.png]
[au.nocarbschallenge.com/images/rebrand/funnels/pages/quiz/problem-areas/female-green-chest.png]
[au.nocarbschallenge.com/images/rebrand/funnels/pages/quiz/problem-areas/female-green-thighs.png]
[au.nocarbschallenge.com/images/rebrand/funnels/pages/quiz/problem-areas/male-green-abs.png]
[au.nocarbschallenge.com/images/rebrand/funnels/pages/quiz/problem-areas/male-green-arms.png]
[au.nocarbschallenge.com/images/rebrand/funnels/pages/quiz/problem-areas/male-green-buttocks.png]
[au.nocarbschallenge.com/images/rebrand/funnels/pages/quiz/problem-areas/male-green-chest.png]
[au.nocarbschallenge.com/images/rebrand/funnels/pages/quiz/problem-areas/male-green-thighs.png]
[au.nocarbschallenge.com/cdn-cgi/l/email-protection.html]
[au.nocarbschallenge.com/cdn-cgi/scripts/5c5dd728/cloudflare-static/email-decode.min.js]
[au.nocarbschallenge.com/js/quiz885c.js]
[au.nocarbschallenge.com/js/helpers8d83.js]
[au.nocarbschallenge.com/1/quiz2/female.html]
[au.nocarbschallenge.com/1/quiz2/male.html]
[au.nocarbschallenge.com/“https_/www.googletagmanager.com/ns3b03.html]
[au.nocarbschallenge.com/contacts.html]
[au.nocarbschallenge.com/data-protection-policy.html]
[au.nocarbschallenge.com/general-conditions.html]
[nz.nocarbschallenge.com/order/track.html]
[nz.nocarbschallenge.com/nocarbschallenge.html]
[nz.nocarbschallenge.com/1/quiz2/nocarbschallenge.html]
[nz.nocarbschallenge.com/images/rebrand/funnels/pages/quiz/problem-areas/female-green-abs.png]
[nz.nocarbschallenge.com/images/rebrand/funnels/pages/quiz/problem-areas/female-green-arms.png]
[nz.nocarbschallenge.com/images/rebrand/funnels/pages/quiz/problem-areas/female-green-buttocks.png]
[nz.nocarbschallenge.com/images/rebrand/funnels/pages/quiz/problem-areas/female-green-chest.png]
[nz.nocarbschallenge.com/images/rebrand/funnels/pages/quiz/problem-areas/female-green-thighs.png]
[nz.nocarbschallenge.com/images/rebrand/funnels/pages/quiz/problem-areas/male-green-abs.png]
[nz.nocarbschallenge.com/images/rebrand/funnels/pages/quiz/problem-areas/male-green-arms.png]
[nz.nocarbschallenge.com/images/rebrand/funnels/pages/quiz/problem-areas/male-green-buttocks.png]
[nz.nocarbschallenge.com/images/rebrand/funnels/pages/quiz/problem-areas/male-green-chest.png]
[nz.nocarbschallenge.com/images/rebrand/funnels/pages/quiz/problem-areas/male-green-thighs.png]
[nz.nocarbschallenge.com/cdn-cgi/l/email-protection.html]
[nz.nocarbschallenge.com/cdn-cgi/scripts/5c5dd728/cloudflare-static/email-decode.min.js]
[nz.nocarbschallenge.com/js/quiz885c.js]
[nz.nocarbschallenge.com/js/helpers8d83.js]
[nz.nocarbschallenge.com/1/quiz2/female.html]
[nz.nocarbschallenge.com/1/quiz2/male.html]
[nz.nocarbschallenge.com/contacts.html]
[nz.nocarbschallenge.com/data-protection-policy.html]
[nz.nocarbschallenge.com/general-conditions.html]
[fr.nocarbschallenge.com/order/track.html]
[fr.nocarbschallenge.com/nocarbschallenge.html]
[fr.nocarbschallenge.com/1/quiz2/nocarbschallenge.html]
[fr.nocarbschallenge.com/images/rebrand/funnels/pages/quiz/problem-areas/female-green-abs.png]
[fr.nocarbschallenge.com/images/rebrand/funnels/pages/quiz/problem-areas/female-green-arms.png]
[fr.nocarbschallenge.com/images/rebrand/funnels/pages/quiz/problem-areas/female-green-buttocks.png]
[fr.nocarbschallenge.com/images/rebrand/funnels/pages/quiz/problem-areas/female-green-chest.png]
[fr.nocarbschallenge.com/images/rebrand/funnels/pages/quiz/problem-areas/female-green-thighs.png]
[fr.nocarbschallenge.com/images/rebrand/funnels/pages/quiz/problem-areas/male-green-abs.png]
[fr.nocarbschallenge.com/images/rebrand/funnels/pages/quiz/problem-areas/male-green-arms.png]
[fr.nocarbschallenge.com/images/rebrand/funnels/pages/quiz/problem-areas/male-green-buttocks.png]
[fr.nocarbschallenge.com/images/rebrand/funnels/pages/quiz/problem-areas/male-green-chest.png]
[fr.nocarbschallenge.com/images/rebrand/funnels/pages/quiz/problem-areas/male-green-thighs.png]
[fr.nocarbschallenge.com/cdn-cgi/l/email-protection.html]
[fr.nocarbschallenge.com/cdn-cgi/scripts/5c5dd728/cloudflare-static/email-decode.min.js]
[fr.nocarbschallenge.com/js/quiz885c.js]
[fr.nocarbschallenge.com/js/helpers8d83.js]
[npmcdn.com/flatpickr@4.6.13/dist/l10n/fr.js]
[fr.nocarbschallenge.com/1/quiz2/female.html]
[fr.nocarbschallenge.com/1/quiz2/male.html]
[fr.nocarbschallenge.com/contacts.html]
[fr.nocarbschallenge.com/data-protection-policy.html]
[fr.nocarbschallenge.com/general-conditions.html]
[de.nocarbschallenge.com/order/track.html]
[de.nocarbschallenge.com/nocarbschallenge.html]
[de.nocarbschallenge.com/1/quiz2/nocarbschallenge.html]
[de.nocarbschallenge.com/images/rebrand/funnels/pages/quiz/problem-areas/female-green-abs.png]
[de.nocarbschallenge.com/images/rebrand/funnels/pages/quiz/problem-areas/female-green-arms.png]
[de.nocarbschallenge.com/images/rebrand/funnels/pages/quiz/problem-areas/female-green-buttocks.png]
[de.nocarbschallenge.com/images/rebrand/funnels/pages/quiz/problem-areas/female-green-chest.png]
[de.nocarbschallenge.com/images/rebrand/funnels/pages/quiz/problem-areas/female-green-thighs.png]
[de.nocarbschallenge.com/images/rebrand/funnels/pages/quiz/problem-areas/male-green-abs.png]
[de.nocarbschallenge.com/images/rebrand/funnels/pages/quiz/problem-areas/male-green-arms.png]
[de.nocarbschallenge.com/images/rebrand/funnels/pages/quiz/problem-areas/male-green-buttocks.png]
[de.nocarbschallenge.com/images/rebrand/funnels/pages/quiz/problem-areas/male-green-chest.png]
[de.nocarbschallenge.com/images/rebrand/funnels/pages/quiz/problem-areas/male-green-thighs.png]
[de.nocarbschallenge.com/cdn-cgi/l/email-protection.html]
[de.nocarbschallenge.com/cdn-cgi/scripts/5c5dd728/cloudflare-static/email-decode.min.js]
[de.nocarbschallenge.com/js/quiz885c.js]
[de.nocarbschallenge.com/js/helpers8d83.js]
[npmcdn.com/flatpickr@4.6.13/dist/l10n/de.js]
[de.nocarbschallenge.com/1/quiz2/female.html]
[de.nocarbschallenge.com/1/quiz2/male.html]
[de.nocarbschallenge.com/contacts.html]
[de.nocarbschallenge.com/data-protection-policy.html]
[de.nocarbschallenge.com/general-conditions.html]
[es.nocarbschallenge.com/order/track.html]
[es.nocarbschallenge.com/nocarbschallenge.html]
[es.nocarbschallenge.com/1/quiz2/nocarbschallenge.html]
[es.nocarbschallenge.com/images/rebrand/funnels/pages/quiz/problem-areas/female-green-abs.png]
[es.nocarbschallenge.com/images/rebrand/funnels/pages/quiz/problem-areas/female-green-arms.png]
[es.nocarbschallenge.com/images/rebrand/funnels/pages/quiz/problem-areas/female-green-buttocks.png]
[es.nocarbschallenge.com/images/rebrand/funnels/pages/quiz/problem-areas/female-green-chest.png]
[es.nocarbschallenge.com/images/rebrand/funnels/pages/quiz/problem-areas/female-green-thighs.png]
[es.nocarbschallenge.com/images/rebrand/funnels/pages/quiz/problem-areas/male-green-abs.png]
[es.nocarbschallenge.com/images/rebrand/funnels/pages/quiz/problem-areas/male-green-arms.png]
[es.nocarbschallenge.com/images/rebrand/funnels/pages/quiz/problem-areas/male-green-buttocks.png]
[es.nocarbschallenge.com/images/rebrand/funnels/pages/quiz/problem-areas/male-green-chest.png]
[es.nocarbschallenge.com/images/rebrand/funnels/pages/quiz/problem-areas/male-green-thighs.png]
[es.nocarbschallenge.com/cdn-cgi/l/email-protection.html]
[es.nocarbschallenge.com/cdn-cgi/scripts/5c5dd728/cloudflare-static/email-decode.min.js]
[es.nocarbschallenge.com/js/quiz885c.js]
[es.nocarbschallenge.com/js/helpers8d83.js]
[npmcdn.com/flatpickr@4.6.13/dist/l10n/es.js]
[es.nocarbschallenge.com/1/quiz2/female.html]
[es.nocarbschallenge.com/1/quiz2/male.html]
[es.nocarbschallenge.com/contacts.html]
[es.nocarbschallenge.com/data-protection-policy.html]
[es.nocarbschallenge.com/general-conditions.html]
[mx.nocarbschallenge.com/order/track.html]
[mx.nocarbschallenge.com/nocarbschallenge.html]
[mx.nocarbschallenge.com/1/quiz2/nocarbschallenge.html]
[mx.nocarbschallenge.com/images/rebrand/funnels/pages/quiz/problem-areas/female-green-abs.png]
[mx.nocarbschallenge.com/images/rebrand/funnels/pages/quiz/problem-areas/female-green-arms.png]
[mx.nocarbschallenge.com/images/rebrand/funnels/pages/quiz/problem-areas/female-green-buttocks.png]
[mx.nocarbschallenge.com/images/rebrand/funnels/pages/quiz/problem-areas/female-green-chest.png]
[mx.nocarbschallenge.com/images/rebrand/funnels/pages/quiz/problem-areas/female-green-thighs.png]
[mx.nocarbschallenge.com/images/rebrand/funnels/pages/quiz/problem-areas/male-green-abs.png]
[mx.nocarbschallenge.com/images/rebrand/funnels/pages/quiz/problem-areas/male-green-arms.png]
[mx.nocarbschallenge.com/images/rebrand/funnels/pages/quiz/problem-areas/male-green-buttocks.png]
[mx.nocarbschallenge.com/images/rebrand/funnels/pages/quiz/problem-areas/male-green-chest.png]
[mx.nocarbschallenge.com/images/rebrand/funnels/pages/quiz/problem-areas/male-green-thighs.png]
[mx.nocarbschallenge.com/cdn-cgi/l/email-protection.html]
[mx.nocarbschallenge.com/cdn-cgi/scripts/5c5dd728/cloudflare-static/email-decode.min.js]
[mx.nocarbschallenge.com/js/quiz885c.js]
[mx.nocarbschallenge.com/js/helpers8d83.js]
[mx.nocarbschallenge.com/1/quiz2/female.html]
[mx.nocarbschallenge.com/1/quiz2/male.html]
[mx.nocarbschallenge.com/contacts.html]
[mx.nocarbschallenge.com/data-protection-policy.html]
[mx.nocarbschallenge.com/general-conditions.html]
[ru.nocarbschallenge.com/order/track.html]
[ru.nocarbschallenge.com/nocarbschallenge.html]
[ru.nocarbschallenge.com/1/quiz2/nocarbschallenge.html]
[ru.nocarbschallenge.com/images/rebrand/funnels/pages/quiz/problem-areas/female-green-abs.png]
[ru.nocarbschallenge.com/images/rebrand/funnels/pages/quiz/problem-areas/female-green-arms.png]
[ru.nocarbschallenge.com/images/rebrand/funnels/pages/quiz/problem-areas/female-green-buttocks.png]
[ru.nocarbschallenge.com/images/rebrand/funnels/pages/quiz/problem-areas/female-green-chest.png]
[ru.nocarbschallenge.com/images/rebrand/funnels/pages/quiz/problem-areas/female-green-thighs.png]
[ru.nocarbschallenge.com/images/rebrand/funnels/pages/quiz/problem-areas/male-green-abs.png]
[ru.nocarbschallenge.com/images/rebrand/funnels/pages/quiz/problem-areas/male-green-arms.png]
[ru.nocarbschallenge.com/images/rebrand/funnels/pages/quiz/problem-areas/male-green-buttocks.png]
[ru.nocarbschallenge.com/images/rebrand/funnels/pages/quiz/problem-areas/male-green-chest.png]
[ru.nocarbschallenge.com/images/rebrand/funnels/pages/quiz/problem-areas/male-green-thighs.png]
[ru.nocarbschallenge.com/cdn-cgi/l/email-protection.html]
[ru.nocarbschallenge.com/cdn-cgi/scripts/5c5dd728/cloudflare-static/email-decode.min.js]
[ru.nocarbschallenge.com/js/quiz885c.js]
[ru.nocarbschallenge.com/js/helpers8d83.js]
[ru.nocarbschallenge.com/1/quiz2/female.html]
[ru.nocarbschallenge.com/1/quiz2/male.html]
[ru.nocarbschallenge.com/contacts.html]
[ru.nocarbschallenge.com/data-protection-policy.html]
[ru.nocarbschallenge.com/general-conditions.html]
[no.nocarbschallenge.com/order/track.html]
[no.nocarbschallenge.com/nocarbschallenge.html]
[no.nocarbschallenge.com/1/quiz2/nocarbschallenge.html]
[no.nocarbschallenge.com/images/rebrand/funnels/pages/quiz/problem-areas/female-green-abs.png]
[no.nocarbschallenge.com/images/rebrand/funnels/pages/quiz/problem-areas/female-green-arms.png]
[no.nocarbschallenge.com/images/rebrand/funnels/pages/quiz/problem-areas/female-green-buttocks.png]
[no.nocarbschallenge.com/images/rebrand/funnels/pages/quiz/problem-areas/female-green-chest.png]
[no.nocarbschallenge.com/images/rebrand/funnels/pages/quiz/problem-areas/female-green-thighs.png]
[no.nocarbschallenge.com/images/rebrand/funnels/pages/quiz/problem-areas/male-green-abs.png]
[no.nocarbschallenge.com/images/rebrand/funnels/pages/quiz/problem-areas/male-green-arms.png]
[no.nocarbschallenge.com/images/rebrand/funnels/pages/quiz/problem-areas/male-green-buttocks.png]
[no.nocarbschallenge.com/images/rebrand/funnels/pages/quiz/problem-areas/male-green-chest.png]
[no.nocarbschallenge.com/images/rebrand/funnels/pages/quiz/problem-areas/male-green-thighs.png]
[no.nocarbschallenge.com/cdn-cgi/l/email-protection.html]
[no.nocarbschallenge.com/cdn-cgi/scripts/5c5dd728/cloudflare-static/email-decode.min.js]
[no.nocarbschallenge.com/js/quiz885c.js]
[no.nocarbschallenge.com/js/helpers8d83.js]
[npmcdn.com/flatpickr@4.6.13/dist/l10n/no.js]
[no.nocarbschallenge.com/1/quiz2/female.html]
[no.nocarbschallenge.com/1/quiz2/male.html]
[no.nocarbschallenge.com/contacts.html]
[no.nocarbschallenge.com/data-protection-policy.html]
[no.nocarbschallenge.com/general-conditions.html]
[it.nocarbschallenge.com/order/track.html]
[it.nocarbschallenge.com/nocarbschallenge.html]
[it.nocarbschallenge.com/1/quiz2/nocarbschallenge.html]
[it.nocarbschallenge.com/images/rebrand/funnels/pages/quiz/problem-areas/female-green-abs.png]
[it.nocarbschallenge.com/images/rebrand/funnels/pages/quiz/problem-areas/female-green-arms.png]
[it.nocarbschallenge.com/images/rebrand/funnels/pages/quiz/problem-areas/female-green-buttocks.png]
[it.nocarbschallenge.com/images/rebrand/funnels/pages/quiz/problem-areas/female-green-chest.png]
[it.nocarbschallenge.com/images/rebrand/funnels/pages/quiz/problem-areas/female-green-thighs.png]
[it.nocarbschallenge.com/images/rebrand/funnels/pages/quiz/problem-areas/male-green-abs.png]
[it.nocarbschallenge.com/images/rebrand/funnels/pages/quiz/problem-areas/male-green-arms.png]
[it.nocarbschallenge.com/images/rebrand/funnels/pages/quiz/problem-areas/male-green-buttocks.png]
[it.nocarbschallenge.com/images/rebrand/funnels/pages/quiz/problem-areas/male-green-chest.png]
[it.nocarbschallenge.com/images/rebrand/funnels/pages/quiz/problem-areas/male-green-thighs.png]
[it.nocarbschallenge.com/cdn-cgi/l/email-protection.html]
[it.nocarbschallenge.com/cdn-cgi/scripts/5c5dd728/cloudflare-static/email-decode.min.js]
[it.nocarbschallenge.com/js/quiz885c.js]
[it.nocarbschallenge.com/js/helpers8d83.js]
[npmcdn.com/flatpickr@4.6.13/dist/l10n/it.js]
[it.nocarbschallenge.com/1/quiz2/female.html]
[it.nocarbschallenge.com/1/quiz2/male.html]
[it.nocarbschallenge.com/contacts.html]
[it.nocarbschallenge.com/data-protection-policy.html]
[it.nocarbschallenge.com/general-conditions.html]
[pl.nocarbschallenge.com/order/track.html]
[pl.nocarbschallenge.com/nocarbschallenge.html]
[pl.nocarbschallenge.com/1/quiz2/nocarbschallenge.html]
[pl.nocarbschallenge.com/images/rebrand/funnels/pages/quiz/problem-areas/female-green-abs.png]
[pl.nocarbschallenge.com/images/rebrand/funnels/pages/quiz/problem-areas/female-green-arms.png]
[pl.nocarbschallenge.com/images/rebrand/funnels/pages/quiz/problem-areas/female-green-buttocks.png]
[pl.nocarbschallenge.com/images/rebrand/funnels/pages/quiz/problem-areas/female-green-chest.png]
[pl.nocarbschallenge.com/images/rebrand/funnels/pages/quiz/problem-areas/female-green-thighs.png]
[pl.nocarbschallenge.com/images/rebrand/funnels/pages/quiz/problem-areas/male-green-abs.png]
[pl.nocarbschallenge.com/images/rebrand/funnels/pages/quiz/problem-areas/male-green-arms.png]
[pl.nocarbschallenge.com/images/rebrand/funnels/pages/quiz/problem-areas/male-green-buttocks.png]
[pl.nocarbschallenge.com/images/rebrand/funnels/pages/quiz/problem-areas/male-green-chest.png]
[pl.nocarbschallenge.com/images/rebrand/funnels/pages/quiz/problem-areas/male-green-thighs.png]
[pl.nocarbschallenge.com/cdn-cgi/l/email-protection.html]
[pl.nocarbschallenge.com/cdn-cgi/scripts/5c5dd728/cloudflare-static/email-decode.min.js]
[pl.nocarbschallenge.com/js/quiz885c.js]
[pl.nocarbschallenge.com/js/helpers8d83.js]
[pl.nocarbschallenge.com/1/quiz2/female.html]
[pl.nocarbschallenge.com/1/quiz2/male.html]
[pl.nocarbschallenge.com/contacts.html]
[pl.nocarbschallenge.com/data-protection-policy.html]
[pl.nocarbschallenge.com/general-conditions.html]
[ca-fr.nocarbschallenge.com/cdn-cgi/l/email-protection.html]
[ca-fr.nocarbschallenge.com/contacts.html]
[fonts.googleapis.com/css7cc4.css]
[fonts.googleapis.com/css5d2a.css]
[fonts.googleapis.com/csse646.css]
[ca-fr.nocarbschallenge.com/cdn-cgi/scripts/5c5dd728/cloudflare-static/email-decode.min.js]
[ca-fr.nocarbschallenge.com/nocarbschallenge.com]
[ca-fr.nocarbschallenge.com/data-protection-policy.html]
[ca-fr.nocarbschallenge.com/general-conditions.html]
[ca.nocarbschallenge.com/1/quiz2/nocarbschallenge.html]
[ca.nocarbschallenge.com/cdn-cgi/l/email-protection.html]
[ca.nocarbschallenge.com/“https_/www.googletagmanager.com/ns96b6.html]
[au.nocarbschallenge.com/1/quiz2/nocarbschallenge.html]
[ca.nocarbschallenge.com/cdn-cgi/styles/cf.errors.css]
[au.nocarbschallenge.com/cdn-cgi/l/email-protection.html]
[au.nocarbschallenge.com/“https_/www.googletagmanager.com/ns3b03.html]
[nz.nocarbschallenge.com/1/quiz2/nocarbschallenge.html]
[au.nocarbschallenge.com/cdn-cgi/styles/cf.errors.css]
[nz.nocarbschallenge.com/cdn-cgi/l/email-protection.html]
[fr.nocarbschallenge.com/1/quiz2/nocarbschallenge.html]
[nz.nocarbschallenge.com/cdn-cgi/styles/cf.errors.css]
[fr.nocarbschallenge.com/cdn-cgi/l/email-protection.html]
[de.nocarbschallenge.com/1/quiz2/nocarbschallenge.html]
[fr.nocarbschallenge.com/cdn-cgi/styles/cf.errors.css]
[de.nocarbschallenge.com/cdn-cgi/l/email-protection.html]
[es.nocarbschallenge.com/1/quiz2/nocarbschallenge.html]
[de.nocarbschallenge.com/cdn-cgi/styles/cf.errors.css]
[es.nocarbschallenge.com/cdn-cgi/l/email-protection.html]
[mx.nocarbschallenge.com/1/quiz2/nocarbschallenge.html]
[es.nocarbschallenge.com/cdn-cgi/styles/cf.errors.css]
[mx.nocarbschallenge.com/cdn-cgi/l/email-protection.html]
[ru.nocarbschallenge.com/1/quiz2/nocarbschallenge.html]
[mx.nocarbschallenge.com/cdn-cgi/styles/cf.errors.css]
[ru.nocarbschallenge.com/cdn-cgi/l/email-protection.html]
[no.nocarbschallenge.com/1/quiz2/nocarbschallenge.html]
[ru.nocarbschallenge.com/cdn-cgi/styles/cf.errors.css]
[no.nocarbschallenge.com/cdn-cgi/l/email-protection.html]
[it.nocarbschallenge.com/1/quiz2/nocarbschallenge.html]
[no.nocarbschallenge.com/cdn-cgi/styles/cf.errors.css]
[it.nocarbschallenge.com/cdn-cgi/l/email-protection.html]
[pl.nocarbschallenge.com/1/quiz2/nocarbschallenge.html]
[it.nocarbschallenge.com/cdn-cgi/styles/cf.errors.css]
[pl.nocarbschallenge.com/cdn-cgi/l/email-protection.html]
[pl.nocarbschallenge.com/cdn-cgi/styles/cf.errors.css]
[ca-fr.nocarbschallenge.com/cdn-cgi/l/email-protection.html]
[ca-fr.nocarbschallenge.com/order/track.html]
[ca-fr.nocarbschallenge.com/nocarbschallenge.html]
[ca-fr.nocarbschallenge.com/cdn-cgi/styles/cf.errors.css]
[nocarbschallenge.com/images/rebrand/funnels/pages/home/avocados-bg-mobile.webp]
[nocarbschallenge.com/images/rebrand/funnels/pages/home/avocados-bg-desktop.webp]
[ca.nocarbschallenge.com/index.html]
[nocarbschallenge.com/images/rebrand/icons/app-stores/apple.png]
[nocarbschallenge.com/js/appdbde.js]
[nocarbschallenge.com/images/rebrand/funnels-testing/pages/quiz/split-egg.webp]
[nocarbschallenge.com/images/rebrand/funnels/pages/quiz/age-disclaimer/info_female_20.webp]
[nocarbschallenge.com/images/rebrand/funnels-testing/pages/quiz/forecast-graph-desktop.png]
[nocarbschallenge.com/js/kilo-trackingf189.js]
[nocarbschallenge.com/images/rebrand/funnels-testing/pages/quiz/forecast-graph-mobile.png]
[nocarbschallenge.com/images/rebrand/funnels/pages/quiz/problem-areas/female-model.webp]
[nocarbschallenge.com/images/rebrand/funnels/pages/quiz/problem-areas/male-model.webp]
[nocarbschallenge.com/images/rebrand/funnels-testing/pages/quiz/wellness-summary/exercise-icon.png]
[nocarbschallenge.com/images/rebrand/funnels-testing/pages/quiz/wellness-summary/lifestyle-icon.png]
[nocarbschallenge.com/images/rebrand/funnels-testing/pages/quiz/wellness-summary/scale-overweight.png]
[nocarbschallenge.com/images/rebrand/funnels/pages/home/carousel-mobile.jpg]
[nocarbschallenge.com/images/rebrand/funnels-testing/pages/quiz/wellness-summary/body-fat-female-overweight.webp]
[nocarbschallenge.com/js/quiz885c.js]
[nocarbschallenge.com/images/rebrand/funnels/pages/quiz/problem-areas/female-red-abs.png]
[nocarbschallenge.com/js/helpers8d83.js]
[nocarbschallenge.com/js/checkout62a6.js]
[nocarbschallenge.com/images/rebrand/funnels-testing/pages/checkout/body-fat-male-1.webp]
[nocarbschallenge.com/images/rebrand/funnels-testing/pages/checkout/single-screen-green-mobile.png]
[nocarbschallenge.com/images/rebrand/funnels-testing/pages/checkout/mike-before.webp]
[nocarbschallenge.com/images/rebrand/funnels-testing/pages/checkout/mike-after.webp]
[nocarbschallenge.com/images/rebrand/funnels-testing/pages/checkout/single-screen-green-desktop.webp]
[nocarbschallenge.com/images/rebrand/funnels/pages/quiz/problem-areas/female-red-arms.png]
[nocarbschallenge.com/images/rebrand/funnels-testing/pages/checkout/koreena-before.webp]
[nocarbschallenge.com/images/rebrand/funnels-testing/pages/checkout/sandra-after.webp]
[nocarbschallenge.com/images/rebrand/funnels-testing/pages/checkout/sandra-before.webp]
[nocarbschallenge.com/images/rebrand/funnels-testing/pages/checkout/floating-pepper.webp]
[nocarbschallenge.com/images/rebrand/funnels-testing/pages/checkout/guarantee-badge-green.png]
[nocarbschallenge.com/images/rebrand/funnels-testing/pages/checkout/floating-avocado.webp]
[nocarbschallenge.com/images/rebrand/funnels/pages/quiz/problem-areas/female-red-buttocks.png]
[nocarbschallenge.com/images/rebrand/funnels-testing/pages/checkout/paypal.png]
[nocarbschallenge.com/images/rebrand/funnels-testing/pages/checkout/payment-methods-modal.png]
[nocarbschallenge.com/js/swiper-bundle108c.js]
[nocarbschallenge.com/images/rebrand/funnels/pages/quiz/problem-areas/female-red-chest.png]
[nocarbschallenge.com/images/rebrand/funnels-testing/pages/checkout/body-fat-female-2.webp]
[nocarbschallenge.com/images/rebrand/funnels-testing/pages/checkout/body-fat-female-1.webp]
[ca.nocarbschallenge.com/images/rebrand/funnels/pages/quiz/problem-areas/female-green-abs.png]
[ca.nocarbschallenge.com/images/rebrand/funnels/pages/quiz/problem-areas/female-green-arms.png]
[nocarbschallenge.com/images/rebrand/funnels/pages/quiz/problem-areas/female-red-thighs.png]
[ca.nocarbschallenge.com/cdn-cgi/scripts/5c5dd728/cloudflare-static/email-decode.min.js]
[ca.nocarbschallenge.com/js/quiz885c.js]
[ca.nocarbschallenge.com/js/helpers8d83.js]
[nocarbschallenge.com/images/rebrand/funnels/pages/quiz/problem-areas/male-red-abs.png]
[au.nocarbschallenge.com/images/rebrand/funnels/pages/quiz/problem-areas/female-green-abs.png]
[au.nocarbschallenge.com/images/rebrand/funnels/pages/quiz/problem-areas/female-green-buttocks.png]
[au.nocarbschallenge.com/images/rebrand/funnels/pages/quiz/problem-areas/female-green-arms.png]
[nocarbschallenge.com/images/rebrand/funnels/pages/quiz/problem-areas/male-red-arms.png]
[au.nocarbschallenge.com/images/rebrand/funnels/pages/quiz/problem-areas/female-green-chest.png]
[au.nocarbschallenge.com/images/rebrand/funnels/pages/quiz/problem-areas/male-green-abs.png]
[au.nocarbschallenge.com/images/rebrand/funnels/pages/quiz/problem-areas/female-green-thighs.png]
[nocarbschallenge.com/images/rebrand/funnels/pages/quiz/problem-areas/male-red-buttocks.png]
[au.nocarbschallenge.com/images/rebrand/funnels/pages/quiz/problem-areas/male-green-chest.png]
[au.nocarbschallenge.com/images/rebrand/funnels/pages/quiz/problem-areas/male-green-buttocks.png]
[au.nocarbschallenge.com/images/rebrand/funnels/pages/quiz/problem-areas/male-green-arms.png]
[nocarbschallenge.com/images/rebrand/funnels/pages/quiz/problem-areas/male-red-chest.png]
[au.nocarbschallenge.com/images/rebrand/funnels/pages/quiz/problem-areas/male-green-thighs.png]
[au.nocarbschallenge.com/js/quiz885c.js]
[nz.nocarbschallenge.com/images/rebrand/funnels/pages/quiz/problem-areas/female-green-abs.png]
[nocarbschallenge.com/images/rebrand/funnels/pages/quiz/problem-areas/male-red-thighs.png]
[nocarbschallenge.com/assets/images/new-year-offer/banner-bg-mobile.png]
[nz.nocarbschallenge.com/cdn-cgi/scripts/5c5dd728/cloudflare-static/email-decode.min.js]
[nz.nocarbschallenge.com/js/quiz885c.js]
[nz.nocarbschallenge.com/images/rebrand/funnels/pages/quiz/problem-areas/female-green-arms.png]
[fr.nocarbschallenge.com/images/rebrand/funnels/pages/quiz/problem-areas/female-green-abs.png]
[nocarbschallenge.com/images/rebrand/funnels/pages/home/carousel-desktop.jpg]
[fr.nocarbschallenge.com/cdn-cgi/scripts/5c5dd728/cloudflare-static/email-decode.min.js]
[fr.nocarbschallenge.com/js/quiz885c.js]
[fr.nocarbschallenge.com/images/rebrand/funnels/pages/quiz/problem-areas/female-green-arms.png]
[npmcdn.com/flatpickr@4.6.13/dist/l10n/fr.js]
[nocarbschallenge.com/assets/images/new-year-offer/banner-bg-desktop.png]
[nocarbschallenge.com/tw/appfe51.css]
[de.nocarbschallenge.com/cdn-cgi/scripts/5c5dd728/cloudflare-static/email-decode.min.js]
[www.googletagmanager.com/gtm5445.html]
[de.nocarbschallenge.com/images/rebrand/funnels/pages/quiz/problem-areas/female-green-abs.png]
[nocarbschallenge.com/nocarbschallenge.html]
[de.nocarbschallenge.com/images/rebrand/funnels/pages/quiz/problem-areas/female-green-thighs.png]
[de.nocarbschallenge.com/images/rebrand/funnels/pages/quiz/problem-areas/female-green-arms.png]
[npmcdn.com/flatpickr@4.6.13/dist/l10n/de.js]
[nocarbschallenge.com/images/logo-green.svg]
[es.nocarbschallenge.com/cdn-cgi/scripts/5c5dd728/cloudflare-static/email-decode.min.js]
[de.nocarbschallenge.com/js/quiz885c.js]
[es.nocarbschallenge.com/js/quiz885c.js]
[es.nocarbschallenge.com/images/rebrand/funnels/pages/quiz/problem-areas/female-green-abs.png]
[npmcdn.com/flatpickr@4.6.13/dist/l10n/es.js]
[nocarbschallenge.com/“https_/www.googletagmanager.com/ns.1c296b6.delayed]
[nocarbschallenge.com/contacts.html]
[mx.nocarbschallenge.com/cdn-cgi/scripts/5c5dd728/cloudflare-static/email-decode.min.js]
[mx.nocarbschallenge.com/images/rebrand/funnels/pages/quiz/problem-areas/female-green-arms.png]
[cdn.jsdelivr.net/npm/flatpickr/dist/flatpickr.min.css]
[mx.nocarbschallenge.com/images/rebrand/funnels/pages/quiz/problem-areas/female-green-abs.png]
[nocarbschallenge.com/images/rebrand/funnels/pages/quiz/rounded-chevron-grey.svg]
[ru.nocarbschallenge.com/cdn-cgi/scripts/5c5dd728/cloudflare-static/email-decode.min.js]
[ru.nocarbschallenge.com/images/rebrand/funnels/pages/quiz/problem-areas/female-green-abs.png]
[mx.nocarbschallenge.com/js/quiz885c.js]
[no.nocarbschallenge.com/cdn-cgi/scripts/5c5dd728/cloudflare-static/email-decode.min.js]
[ru.nocarbschallenge.com/images/rebrand/funnels/pages/quiz/problem-areas/female-green-arms.png]
[npmcdn.com/flatpickr@4.6.13/dist/l10n/no.js]
[ru.nocarbschallenge.com/js/quiz885c.js]
[no.nocarbschallenge.com/js/quiz885c.js]
[no.nocarbschallenge.com/images/rebrand/funnels/pages/quiz/problem-areas/female-green-abs.png]
[it.nocarbschallenge.com/cdn-cgi/scripts/5c5dd728/cloudflare-static/email-decode.min.js]
[npmcdn.com/flatpickr@4.6.13/dist/l10n/it.js]
[it.nocarbschallenge.com/images/rebrand/funnels/pages/quiz/problem-areas/female-green-abs.png]
[nocarbschallenge.com/images/rebrand/icons/spinner.svg]
[it.nocarbschallenge.com/images/rebrand/funnels/pages/quiz/problem-areas/female-green-arms.png]
[it.nocarbschallenge.com/js/quiz885c.js]
[pl.nocarbschallenge.com/cdn-cgi/scripts/5c5dd728/cloudflare-static/email-decode.min.js]
[pl.nocarbschallenge.com/images/rebrand/funnels/pages/quiz/problem-areas/female-green-abs.png]
[ca-fr.nocarbschallenge.com/cdn-cgi/scripts/5c5dd728/cloudflare-static/email-decode.min.js]
[pl.nocarbschallenge.com/images/rebrand/funnels/pages/quiz/problem-areas/female-green-thighs.png]
[pl.nocarbschallenge.com/images/rebrand/funnels/pages/quiz/problem-areas/male-green-buttocks.png]
[nocarbschallenge.com/images/rebrand/funnels/pages/quiz/problem-areas/male-model.webp]
[pl.nocarbschallenge.com/js/quiz885c.js]
[nocarbschallenge.com/images/rebrand/funnels-testing/pages/quiz/split-egg.webp]
[nocarbschallenge.com/images/rebrand/funnels/pages/quiz/problem-areas/female-model.webp]
[nocarbschallenge.com/images/rebrand/funnels/pages/home/carousel-mobile.jpg]
[nocarbschallenge.com/images/rebrand/funnels/pages/quiz/problem-areas/female-red-abs.png]
[nocarbschallenge.com/images/rebrand/funnels/pages/quiz/problem-areas/female-red-buttocks.png]
[nocarbschallenge.com/images/rebrand/funnels/pages/quiz/problem-areas/female-red-thighs.png]
[nocarbschallenge.com/images/rebrand/funnels/pages/quiz/problem-areas/male-red-abs.png]
[nocarbschallenge.com/images/rebrand/funnels/pages/quiz/problem-areas/male-red-arms.png]
[nocarbschallenge.com/images/rebrand/funnels/pages/quiz/problem-areas/male-red-buttocks.png]
[nocarbschallenge.com/images/rebrand/funnels/pages/quiz/problem-areas/male-red-chest.png]
[nocarbschallenge.com/images/rebrand/icons/lock-grey-24x24.svg]
[nocarbschallenge.com/cdn-cgi/l/email-protection.html]
[nocarbschallenge.com/images/rebrand/funnels/pages/quiz/problem-areas/male-red-thighs.png]
[nocarbschallenge.com/images/rebrand/funnels/pages/home/carousel-desktop.jpg]
[nocarbschallenge.com/assets/images/new-year-offer/banner-bg-desktop.png]
[nocarbschallenge.com/1.html]
[nocarbschallenge.com/css/checkout-webed80.css]
[nocarbschallenge.com/css/swiper-bundle5498.css]
[nocarbschallenge.com/images/rebrand/funnels-testing/pages/checkout/body-fat-male-3.webp]
[nocarbschallenge.com/images/rebrand/funnels-testing/pages/checkout/triple-arrow-change-green.svg]
[nocarbschallenge.com/images/rebrand/icons/green-bright-rounded-check-24x24.svg]
[nocarbschallenge.com/images/rebrand/funnels-testing/pages/checkout/sparkles-left.svg]
[nocarbschallenge.com/images/rebrand/funnels-testing/pages/checkout/star-rating-four-of-five.svg]
[nocarbschallenge.com/images/rebrand/funnels-testing/pages/checkout/tree-branch-left-green.svg]
[nocarbschallenge.com/images/rebrand/funnels-testing/pages/checkout/tree-branch-right-green.svg]
[nocarbschallenge.com/images/rebrand/funnels-testing/pages/checkout/sparkles-right.svg]
[nocarbschallenge.com/images/rebrand/funnels/pages/checkout/verified-dark.svg]
[nocarbschallenge.com/images/rebrand/funnels-testing/pages/checkout/koreena-after.webp]
[ca.nocarbschallenge.com/order/track.html]
[nocarbschallenge.com/favicon/favicon-192.html]
[nocarbschallenge.com/favicon/favicon-160.html]
[nocarbschallenge.com/favicon/favicon-96.html]
[nocarbschallenge.com/favicon/favicon-64.html]
[nocarbschallenge.com/favicon/favicon-32.html]
[nocarbschallenge.com/favicon/favicon-16.html]
[nocarbschallenge.com/favicon/favicon-57.html]
[nocarbschallenge.com/favicon/favicon-114.html]
[nocarbschallenge.com/favicon/favicon-72.html]
[nocarbschallenge.com/favicon/favicon-144.html]
[nocarbschallenge.com/favicon/favicon-60.html]
[nocarbschallenge.com/favicon/favicon-120.html]
[nocarbschallenge.com/favicon/favicon-76.html]
[nocarbschallenge.com/favicon/favicon-152.html]
[nocarbschallenge.com/favicon/favicon-180.html]
[nocarbschallenge.com/images/icons.png]
[nocarbschallenge.com/images/fruits/pink_apple.png]
[nocarbschallenge.com/images/fruits/pink_blueberry.png]
[nocarbschallenge.com/images/fruits/pink_grapes.png]
[nocarbschallenge.com/images/fruits/pink_blueberry.png]
[nocarbschallenge.com/images/fruits/pink_apple.png]
[nocarbschallenge.com/images/fruits/pink_raspberry.png]
[nocarbschallenge.com/images/fruits/pink_strawberry.png]
[nocarbschallenge.com/images/chicken-2.png]
[nocarbschallenge.com/fonts/vendor/bootstrap-sass/bootstrap/glyphicons-halflings-regular586e.eot]
[nocarbschallenge.com/images/fruits/pink_strawberry.png]
[nocarbschallenge.com/images/chicken-2.png]
[nocarbschallenge.com/fonts/vendor/bootstrap-sass/bootstrap/glyphicons-halflings-regularc703.eot]
[nocarbschallenge.com/fonts/vendor/bootstrap-sass/bootstrap/glyphicons-halflings-regulared6d.woff2]
[nocarbschallenge.com/fonts/vendor/bootstrap-sass/bootstrap/glyphicons-halflings-regular9e3d.woff]
[nocarbschallenge.com/fonts/vendor/bootstrap-sass/bootstrap/glyphicons-halflings-regular6188.ttf]
[nocarbschallenge.com/fonts/vendor/bootstrap-sass/bootstrap/glyphicons-halflings-regular5232.svg]
[nocarbschallenge.com/images/icons/footer-expand-plus.svg]
[nocarbschallenge.com/images/icons/footer-expand-minus.svg]
[nocarbschallenge.com/assets/images/black-friday-offer/black-friday-offer-bg-desktop.jpg]
[nocarbschallenge.com/assets/images/black-friday-offer/black-friday-offer-bg-mobile.jpg]
[nocarbschallenge.com/assets/images/black-friday-offer/black-friday-offer-bg-big.jpg]
[nocarbschallenge.com/assets/images/black-friday-offer/black-friday-offer-bg-small.jpg]
[nocarbschallenge.com/assets/images/black-friday-offer/roulette.png]
[nocarbschallenge.com/assets/images/black-friday-offer/roulette-arrow.png]
[nocarbschallenge.com/assets/images/black-friday-offer/roulette-bg.png]
[nocarbschallenge.com/assets/images/black-friday-offer/congratulations-bg-desktop.png]
[nocarbschallenge.com/assets/images/black-friday-offer/roulette-clear.png]
[nocarbschallenge.com/assets/images/black-friday-offer/congratulations-bg.png]
[nocarbschallenge.com/assets/images/black-friday-offer/black-friday-offer-product-selection.png]
[nocarbschallenge.com/assets/images/end-of-year-offer/end-of-year-offer-banner-bg-desktop.jpg]
[nocarbschallenge.com/assets/images/end-of-year-offer/end-of-year-offer-banner-bg-mobile.jpg]
[nocarbschallenge.com/assets/images/end-of-year-offer/end-of-year-offer-checkout-banner-bg-desktop.jpg]
[nocarbschallenge.com/assets/images/end-of-year-offer/end-of-year-offer-checkout-banner-bg-desktop.jpg]
[nocarbschallenge.com/assets/images/end-of-year-offer/end-of-year-offer-checkout-banner-bg-mobile.jpg]
[nocarbschallenge.com/assets/images/end-of-year-offer/end-of-year-offer-checkout-banner-bg-mobile-small.jpg]
[nocarbschallenge.com/assets/images/end-of-year-offer/end-of-year-offer-roulette.png]
[nocarbschallenge.com/assets/images/end-of-year-offer/end-of-year-offer-roulette-arrow.png]
[nocarbschallenge.com/assets/images/end-of-year-offer/end-of-year-offer-congratulations.png]
[nocarbschallenge.com/assets/images/end-of-year-offer/roulette-bg.jpg]
[nocarbschallenge.com/assets/images/end-of-year-offer/end-of-year-offer-roulette-arrow.png]
[nocarbschallenge.com/assets/images/end-of-year-offer/end-of-year-offer-congratulations.png]
[nocarbschallenge.com/assets/images/end-of-year-offer/roulette-clear.png]
[nocarbschallenge.com/assets/images/end-of-year-offer/congratulations-bg-desktop.png]
[nocarbschallenge.com/assets/images/end-of-year-offer/congratulations-bg.png]
[nocarbschallenge.com/assets/images/end-of-year-offer/roulette-clear.png]
[nocarbschallenge.com/assets/images/end-of-year-offer/congratulations-bg-desktop.png]
[nocarbschallenge.com/assets/images/end-of-year-offer/roulette.png]
[nocarbschallenge.com/assets/images/end-of-year-offer/roulette-arrow.png]
[nocarbschallenge.com/assets/images/end-of-year-offer/product-selection.png]
[nocarbschallenge.com/assets/images/end-of-year-offer/roulette.png]
[nocarbschallenge.com/assets/images/end-of-year-offer/roulette-arrow.png]
[nocarbschallenge.com/images/app-download-cover.png]
[nocarbschallenge.com/images/app-download-header-cover.png]
[nocarbschallenge.com/images/landings/expand-more.svg]
[nocarbschallenge.com/images/app-download-cover.png]
[nocarbschallenge.com/images/app-download-header-cover.png]
[nocarbschallenge.com/images/results-bg-mobile.jpg]
[nocarbschallenge.com/images/landing-bg1b26.jpg]
[nocarbschallenge.com/images/billing-bg.jpg]
[nocarbschallenge.com/images/results-bg-mobile.jpg]
[nocarbschallenge.com/images/landing-bg1b26.jpg]
[nocarbschallenge.com/images/water-intake.svg]
[nocarbschallenge.com/images/kw-bg-mobile1b26.jpg]
[nocarbschallenge.com/images/km-bg-mobile1b26.jpg]
[nocarbschallenge.com/images/kw-bg-mobile1b26.jpg]
[nocarbschallenge.com/images/locked-popup-bg-desktop.jpg]
[nocarbschallenge.com/images/footer_bg_desktop.jpg]
[nocarbschallenge.com/images/o40-bg-mobile1b26.jpg]
[nocarbschallenge.com/images/locked-popup-bg-desktop.jpg]
[nocarbschallenge.com/images/footer_bg_desktop.jpg]
[nocarbschallenge.com/images/landing-bg-desktop1b26.jpg]
[nocarbschallenge.com/images/kw-bg-desktop1b26.jpg]
[nocarbschallenge.com/images/km-bg-desktop1b26.jpg]
[nocarbschallenge.com/images/landing-bg-desktop1b26.jpg]
[nocarbschallenge.com/images/kw-bg-desktop1b26.jpg]
[nocarbschallenge.com/images/o40-bg-desktop1b26.jpg]
[nocarbschallenge.com/images/billing-bg-desktop1b26.jpg]
[nocarbschallenge.com/images/footer_bg_desktop1b26.jpg]
[nocarbschallenge.com/images/o40-bg-desktop1b26.jpg]
[nocarbschallenge.com/images/billing-bg-desktop1b26.jpg]
[nocarbschallenge.com/images/locked-popup-bg.png]
[nocarbschallenge.com/images/footer_bg_mobile.jpg]
[nocarbschallenge.com/images/locked-popup-bg.png]
[nocarbschallenge.com/images/app-download-cover-mobile.png]
[nocarbschallenge.com/images/app-download-header-cover-mobile.png]
[nocarbschallenge.com/images/keto_3/bg_image.jpg]
[nocarbschallenge.com/images/widgets/cholesterol.png]
[nocarbschallenge.com/images/widgets/success.png]
[nocarbschallenge.com/images/widgets/blood.png]
[nocarbschallenge.com/images/widgets/cholesterol.png]
[nocarbschallenge.com/images/widgets/success.png]
[nocarbschallenge.com/images/widgets/blood.png]
[nocarbschallenge.com/images/widgets/sugar.png]
[nocarbschallenge.com/images/upsell-bg.png]
[nocarbschallenge.com/images/icons/list-checkbox.png]
[nocarbschallenge.com/dock/quates.png]
[nocarbschallenge.com/images/upsell-bg.png]
[nocarbschallenge.com/images/icons/list-checkbox.png]
[nocarbschallenge.com/images/bg-mealplate.png]
[nocarbschallenge.com/images/b-results-graph.png]
[nocarbschallenge.com/images/landings/youtube-desktop.jpg]
[nocarbschallenge.com/images/landings/youtube-mobile.png]
[nocarbschallenge.com/images/landings/5-mobile.png]
[nocarbschallenge.com/images/landings/youtube-desktop.jpg]
[nocarbschallenge.com/images/landings/youtube-mobile.png]
[nocarbschallenge.com/images/landings/5-desktop.png]
[nocarbschallenge.com/images/newYear.png]
[nocarbschallenge.com/assets/images/funnels/32/polygon.svg]
[nocarbschallenge.com/assets/images/landing/background_28_days.jpg]
[nocarbschallenge.com/assets/images/landing/ny-email/KC_NY_badge.svg]
[nocarbschallenge.com/assets/images/landing/homepage_background_1.png]
[nocarbschallenge.com/assets/images/landing/homepage_background_2_desktop.jpg]
[nocarbschallenge.com/assets/images/landing/homepage_background_2_mobile.png]
[nocarbschallenge.com/assets/images/funnels/checkout/summerbody_background.png]
[nocarbschallenge.com/assets/images/landing/fb-video-header.jpg]
[nocarbschallenge.com/assets/images/landing/bg-vegetables.jpg]
[nocarbschallenge.com/assets/images/landing/bg-vegetables-hi-lp-desktop.jpg]
[nocarbschallenge.com/assets/images/landing/bg-vegetables-hi-lp-mobile.png]
[nocarbschallenge.com/css/landing1246.css]
[nocarbschallenge.com/images/icons/back.svg]
[nocarbschallenge.com/fonts/vendor/line-awesome/dist/line-awesome/la-brands-400298a.eot]
[nocarbschallenge.com/fonts/vendor/line-awesome/dist/line-awesome/la-brands-4000077.eot]
[nocarbschallenge.com/fonts/vendor/line-awesome/dist/line-awesome/la-brands-40020ae.woff2]
[nocarbschallenge.com/fonts/vendor/line-awesome/dist/line-awesome/la-brands-4004e7a.woff]
[nocarbschallenge.com/fonts/vendor/line-awesome/dist/line-awesome/la-brands-400264b.ttf]
[nocarbschallenge.com/fonts/vendor/line-awesome/dist/line-awesome/la-brands-400be36.svg]
[nocarbschallenge.com/fonts/vendor/line-awesome/dist/line-awesome/la-regular-400554f.eot]
[nocarbschallenge.com/fonts/vendor/line-awesome/dist/line-awesome/la-regular-40078cc.eot]
[nocarbschallenge.com/fonts/vendor/line-awesome/dist/line-awesome/la-regular-4005449.woff2]
[nocarbschallenge.com/fonts/vendor/line-awesome/dist/line-awesome/la-regular-4002de3.woff]
[nocarbschallenge.com/fonts/vendor/line-awesome/dist/line-awesome/la-regular-4003ad9.ttf]
[nocarbschallenge.com/fonts/vendor/line-awesome/dist/line-awesome/la-regular-40019a0.svg]
[nocarbschallenge.com/fonts/vendor/line-awesome/dist/line-awesome/la-solid-900b778.eot]
[nocarbschallenge.com/fonts/vendor/line-awesome/dist/line-awesome/la-solid-900681c.eot]
[nocarbschallenge.com/fonts/vendor/line-awesome/dist/line-awesome/la-solid-9000889.woff2]
[nocarbschallenge.com/fonts/vendor/line-awesome/dist/line-awesome/la-solid-900f56f.woff]
[nocarbschallenge.com/fonts/vendor/line-awesome/dist/line-awesome/la-solid-9004a20.ttf]
[nocarbschallenge.com/css/line-awesome48fb.css]
[nocarbschallenge.com/fonts/vendor/line-awesome/dist/line-awesome/la-solid-900f49d.svg]
[nocarbschallenge.com/images/quotes.png]
[nocarbschallenge.com/css/app-new0c0b.css]
[nocarbschallenge.com/css/generalpaged74f.css]
[nocarbschallenge.com/cdn-cgi/images/icon-exclamation111f.png]
[nocarbschallenge.com/cdn-cgi/images/cf-icon-horizontal-arrow.png]
[nocarbschallenge.com/cdn-cgi/images/browser-bar111f.png]
[nocarbschallenge.com/cdn-cgi/images/cf-no-screenshot-warn.png]
[nocarbschallenge.com/cdn-cgi/images/cf-no-screenshot-error.png]
[nocarbschallenge.com/cdn-cgi/images/cf-icon-ok.png]
[nocarbschallenge.com/cdn-cgi/images/cf-icon-error.png]
[nocarbschallenge.com/cdn-cgi/images/cf-icon-browser.png]
[nocarbschallenge.com/cdn-cgi/images/cf-icon-cloud.png]
[nocarbschallenge.com/cdn-cgi/images/cf-icon-server.png]
[nocarbschallenge.com/cdn-cgi/styles/cf.errors.css]
[ca.nocarbschallenge.com/“https_/www.googletagmanager.com/ns96b6.html]
[au.nocarbschallenge.com/cdn-cgi/l/email-protection.html]
[de.nocarbschallenge.com/1/quiz2/nocarbschallenge.html]
[es.nocarbschallenge.com/1/quiz2/nocarbschallenge.html]
[mx.nocarbschallenge.com/1/quiz2/nocarbschallenge.html]
[it.nocarbschallenge.com/1/quiz2/nocarbschallenge.html]
[pl.nocarbschallenge.com/1/quiz2/nocarbschallenge.html]
[ca-fr.nocarbschallenge.com/order/track.html]
[ca.nocarbschallenge.com/cdn-cgi/images/icon-exclamation111f.png]
[ca.nocarbschallenge.com/cdn-cgi/images/cf-icon-horizontal-arrow.png]
[ca.nocarbschallenge.com/cdn-cgi/images/browser-bar111f.png]
[ca.nocarbschallenge.com/cdn-cgi/images/cf-no-screenshot-warn.png]
[ca.nocarbschallenge.com/cdn-cgi/images/cf-no-screenshot-error.png]
[ca.nocarbschallenge.com/cdn-cgi/images/cf-icon-ok.png]
[ca.nocarbschallenge.com/cdn-cgi/images/cf-icon-error.png]
[ca.nocarbschallenge.com/cdn-cgi/images/cf-icon-browser.png]
[ca.nocarbschallenge.com/cdn-cgi/images/cf-icon-cloud.png]
[ca.nocarbschallenge.com/cdn-cgi/images/cf-icon-server.png]
[ca.nocarbschallenge.com/cdn-cgi/styles/cf.errors.css]
[au.nocarbschallenge.com/cdn-cgi/images/icon-exclamation111f.png]
[au.nocarbschallenge.com/cdn-cgi/images/cf-icon-horizontal-arrow.png]
[au.nocarbschallenge.com/cdn-cgi/images/browser-bar111f.png]
[au.nocarbschallenge.com/cdn-cgi/images/cf-no-screenshot-warn.png]
[au.nocarbschallenge.com/cdn-cgi/images/cf-no-screenshot-error.png]
[au.nocarbschallenge.com/cdn-cgi/images/cf-icon-ok.png]
[au.nocarbschallenge.com/cdn-cgi/images/cf-icon-error.png]
[au.nocarbschallenge.com/cdn-cgi/images/cf-icon-browser.png]
[au.nocarbschallenge.com/cdn-cgi/images/cf-icon-cloud.png]
[au.nocarbschallenge.com/cdn-cgi/images/cf-icon-server.png]
[au.nocarbschallenge.com/cdn-cgi/styles/cf.errors.css]
[nz.nocarbschallenge.com/cdn-cgi/images/icon-exclamation111f.png]
[nz.nocarbschallenge.com/cdn-cgi/images/cf-icon-horizontal-arrow.png]
[nz.nocarbschallenge.com/cdn-cgi/images/browser-bar111f.png]
[nz.nocarbschallenge.com/cdn-cgi/images/cf-no-screenshot-warn.png]
[nz.nocarbschallenge.com/cdn-cgi/images/cf-no-screenshot-error.png]
[nz.nocarbschallenge.com/cdn-cgi/images/cf-icon-ok.png]
[nz.nocarbschallenge.com/cdn-cgi/images/cf-icon-error.png]
[nz.nocarbschallenge.com/cdn-cgi/images/cf-icon-browser.png]
[nz.nocarbschallenge.com/cdn-cgi/images/cf-icon-cloud.png]
[nz.nocarbschallenge.com/cdn-cgi/images/cf-icon-server.png]
[nz.nocarbschallenge.com/cdn-cgi/styles/cf.errors.css]
[fr.nocarbschallenge.com/cdn-cgi/images/icon-exclamation111f.png]
[fr.nocarbschallenge.com/cdn-cgi/images/cf-icon-horizontal-arrow.png]
[fr.nocarbschallenge.com/cdn-cgi/images/browser-bar111f.png]
[fr.nocarbschallenge.com/cdn-cgi/images/cf-no-screenshot-warn.png]
[fr.nocarbschallenge.com/cdn-cgi/images/cf-no-screenshot-error.png]
[fr.nocarbschallenge.com/cdn-cgi/images/cf-icon-ok.png]
[fr.nocarbschallenge.com/cdn-cgi/images/cf-icon-error.png]
[fr.nocarbschallenge.com/cdn-cgi/images/cf-icon-browser.png]
[fr.nocarbschallenge.com/cdn-cgi/images/cf-icon-cloud.png]
[fr.nocarbschallenge.com/cdn-cgi/images/cf-icon-server.png]
[fr.nocarbschallenge.com/cdn-cgi/styles/cf.errors.css]
[de.nocarbschallenge.com/cdn-cgi/images/icon-exclamation111f.png]
[de.nocarbschallenge.com/cdn-cgi/images/cf-icon-horizontal-arrow.png]
[de.nocarbschallenge.com/cdn-cgi/images/browser-bar111f.png]
[de.nocarbschallenge.com/cdn-cgi/images/cf-no-screenshot-warn.png]
[de.nocarbschallenge.com/cdn-cgi/images/cf-no-screenshot-error.png]
[de.nocarbschallenge.com/cdn-cgi/images/cf-icon-ok.png]
[de.nocarbschallenge.com/cdn-cgi/images/cf-icon-error.png]
[de.nocarbschallenge.com/cdn-cgi/images/cf-icon-browser.png]
[de.nocarbschallenge.com/cdn-cgi/images/cf-icon-cloud.png]
[de.nocarbschallenge.com/cdn-cgi/images/cf-icon-server.png]
[de.nocarbschallenge.com/cdn-cgi/styles/cf.errors.css]
[es.nocarbschallenge.com/cdn-cgi/images/icon-exclamation111f.png]
[es.nocarbschallenge.com/cdn-cgi/images/cf-icon-horizontal-arrow.png]
[es.nocarbschallenge.com/cdn-cgi/images/browser-bar111f.png]
[es.nocarbschallenge.com/cdn-cgi/images/cf-no-screenshot-warn.png]
[es.nocarbschallenge.com/cdn-cgi/images/cf-no-screenshot-error.png]
[es.nocarbschallenge.com/cdn-cgi/images/cf-icon-ok.png]
[es.nocarbschallenge.com/cdn-cgi/images/cf-icon-error.png]
[es.nocarbschallenge.com/cdn-cgi/images/cf-icon-browser.png]
[es.nocarbschallenge.com/cdn-cgi/images/cf-icon-cloud.png]
[es.nocarbschallenge.com/cdn-cgi/images/cf-icon-server.png]
[es.nocarbschallenge.com/cdn-cgi/styles/cf.errors.css]
[mx.nocarbschallenge.com/cdn-cgi/images/icon-exclamation111f.png]
[mx.nocarbschallenge.com/cdn-cgi/images/cf-icon-horizontal-arrow.png]
[mx.nocarbschallenge.com/cdn-cgi/images/browser-bar111f.png]
[mx.nocarbschallenge.com/cdn-cgi/images/cf-no-screenshot-warn.png]
[mx.nocarbschallenge.com/cdn-cgi/images/cf-no-screenshot-error.png]
[mx.nocarbschallenge.com/cdn-cgi/images/cf-icon-ok.png]
[mx.nocarbschallenge.com/cdn-cgi/images/cf-icon-error.png]
[mx.nocarbschallenge.com/cdn-cgi/images/cf-icon-browser.png]
[mx.nocarbschallenge.com/cdn-cgi/images/cf-icon-cloud.png]
[mx.nocarbschallenge.com/cdn-cgi/images/cf-icon-server.png]
[mx.nocarbschallenge.com/cdn-cgi/styles/cf.errors.css]
[ru.nocarbschallenge.com/cdn-cgi/images/icon-exclamation111f.png]
[ru.nocarbschallenge.com/cdn-cgi/images/cf-icon-horizontal-arrow.png]
[ru.nocarbschallenge.com/cdn-cgi/images/browser-bar111f.png]
[ru.nocarbschallenge.com/cdn-cgi/images/cf-no-screenshot-warn.png]
[ru.nocarbschallenge.com/cdn-cgi/images/cf-no-screenshot-error.png]
[ru.nocarbschallenge.com/cdn-cgi/images/cf-icon-ok.png]
[ru.nocarbschallenge.com/cdn-cgi/images/cf-icon-error.png]
[ru.nocarbschallenge.com/cdn-cgi/images/cf-icon-browser.png]
[ru.nocarbschallenge.com/cdn-cgi/images/cf-icon-cloud.png]
[ru.nocarbschallenge.com/cdn-cgi/images/cf-icon-server.png]
[ru.nocarbschallenge.com/cdn-cgi/styles/cf.errors.css]
[no.nocarbschallenge.com/cdn-cgi/images/icon-exclamation111f.png]
[no.nocarbschallenge.com/cdn-cgi/images/cf-icon-horizontal-arrow.png]
[no.nocarbschallenge.com/cdn-cgi/images/browser-bar111f.png]
[no.nocarbschallenge.com/cdn-cgi/images/cf-no-screenshot-warn.png]
[no.nocarbschallenge.com/cdn-cgi/images/cf-no-screenshot-error.png]
[no.nocarbschallenge.com/cdn-cgi/images/cf-icon-ok.png]
[no.nocarbschallenge.com/cdn-cgi/images/cf-icon-error.png]
[no.nocarbschallenge.com/cdn-cgi/images/cf-icon-browser.png]
[no.nocarbschallenge.com/cdn-cgi/images/cf-icon-cloud.png]
[no.nocarbschallenge.com/cdn-cgi/images/cf-icon-server.png]
[no.nocarbschallenge.com/cdn-cgi/styles/cf.errors.css]
[it.nocarbschallenge.com/cdn-cgi/images/icon-exclamation111f.png]
[it.nocarbschallenge.com/cdn-cgi/images/cf-icon-horizontal-arrow.png]
[it.nocarbschallenge.com/cdn-cgi/images/browser-bar111f.png]
[it.nocarbschallenge.com/cdn-cgi/images/cf-no-screenshot-warn.png]
[it.nocarbschallenge.com/cdn-cgi/images/cf-no-screenshot-error.png]
[it.nocarbschallenge.com/cdn-cgi/images/cf-icon-ok.png]
[it.nocarbschallenge.com/cdn-cgi/images/cf-icon-error.png]
[it.nocarbschallenge.com/cdn-cgi/images/cf-icon-browser.png]
[it.nocarbschallenge.com/cdn-cgi/images/cf-icon-cloud.png]
[it.nocarbschallenge.com/cdn-cgi/images/cf-icon-server.png]
[it.nocarbschallenge.com/cdn-cgi/styles/cf.errors.css]
[pl.nocarbschallenge.com/cdn-cgi/images/icon-exclamation111f.png]
[pl.nocarbschallenge.com/cdn-cgi/images/cf-icon-horizontal-arrow.png]
[pl.nocarbschallenge.com/cdn-cgi/images/browser-bar111f.png]
[pl.nocarbschallenge.com/cdn-cgi/images/cf-no-screenshot-warn.png]
[pl.nocarbschallenge.com/cdn-cgi/images/cf-no-screenshot-error.png]
[pl.nocarbschallenge.com/cdn-cgi/images/cf-icon-ok.png]
[pl.nocarbschallenge.com/cdn-cgi/images/cf-icon-error.png]
[pl.nocarbschallenge.com/cdn-cgi/images/cf-icon-browser.png]
[pl.nocarbschallenge.com/cdn-cgi/images/cf-icon-cloud.png]
[pl.nocarbschallenge.com/cdn-cgi/images/cf-icon-server.png]
[pl.nocarbschallenge.com/cdn-cgi/styles/cf.errors.css]
[ca-fr.nocarbschallenge.com/cdn-cgi/images/icon-exclamation111f.png]
[ca-fr.nocarbschallenge.com/cdn-cgi/images/cf-icon-horizontal-arrow.png]
[ca-fr.nocarbschallenge.com/cdn-cgi/images/browser-bar111f.png]
[ca-fr.nocarbschallenge.com/cdn-cgi/images/cf-no-screenshot-warn.png]
[ca-fr.nocarbschallenge.com/cdn-cgi/images/cf-no-screenshot-error.png]
[ca-fr.nocarbschallenge.com/cdn-cgi/images/cf-icon-ok.png]
[ca-fr.nocarbschallenge.com/cdn-cgi/images/cf-icon-error.png]
[ca-fr.nocarbschallenge.com/cdn-cgi/images/cf-icon-browser.png]
[ca-fr.nocarbschallenge.com/cdn-cgi/images/cf-icon-cloud.png]
[ca-fr.nocarbschallenge.com/cdn-cgi/images/cf-icon-server.png]
[ca-fr.nocarbschallenge.com/cdn-cgi/styles/cf.errors.css]
[nocarbschallenge.com/“https_/www.googletagmanager.com/ns96b6.html]
[nocarbschallenge.com/fonts/vendor/bootstrap-sass/bootstrap/glyphicons-halflings-regular5232.svg]
[nocarbschallenge.com/images/icons/footer-expand-plus.svg]
[nocarbschallenge.com/images/icons/footer-expand-minus.svg]
[nocarbschallenge.com/images/landings/expand-more.svg]
[nocarbschallenge.com/images/water-intake.svg]
[nocarbschallenge.com/dock/quates.html]
[nocarbschallenge.com/assets/images/funnels/32/polygon.svg]
[nocarbschallenge.com/assets/images/landing/ny-email/KC_NY_badge.svg]
[nocarbschallenge.com/fonts/vendor/line-awesome/dist/line-awesome/la-brands-400be36.svg]
[nocarbschallenge.com/fonts/vendor/line-awesome/dist/line-awesome/la-regular-40019a0.svg]
[nocarbschallenge.com/fonts/vendor/line-awesome/dist/line-awesome/la-solid-900f49d.svg]
